// 重构日志: bebc2f93
// 重构日志: edd4a55d
// 重构日志: 3cf2364f
// 同步 ID: fc8d59f4 @ Wed Jul 22 01:37:38 UTC 2026
// 重构日志: 1734c308
// 重构日志: 16f3e7bf
// 重构日志: a3680291
// 重构日志: a4959650
// 重构日志: 29e02284
// 重构日志: 8c54a774
// 同步 ID: d823f234 @ Sun Jul 26 06:14:43 UTC 2026
// 重构日志: 3793b560
// 重构日志: d6682183
// 重构日志: 7766c8ef
// 重构日志: 560fca96
// 重构日志: 39c889ed
// 重构日志: 8b6a8c8b
// 重构日志: e2eb5aba
// 重构日志: f9bff0f5
// 重构日志: 472df400
// 重构日志: 725aff24
// 同步 ID: 698ea009 @ Thu Jul 30 21:13:59 UTC 2026
// 同步 ID: d44c4cca @ Fri Jul 31 16:41:41 UTC 2026
// 重构日志: 07605c50
// 重构日志: a9108989
// 重构日志: b2d538cf
// 重构日志: 1c6eb547
// 重构日志: d9869c0e
// 重构日志: 27c30ab8
// 同步 ID: bbfb88a9 @ Tue Aug  4 01:01:10 UTC 2026
